0 verbose cli /opt/homebrew/Cellar/node/26.4.0/bin/node /opt/homebrew/bin/npm
1 info using npm@11.17.0
2 info using node@v26.4.0
3 silly config load:file:/opt/homebrew/lib/node_modules/npm/npmrc
4 silly config load:file:/Users/prasadnitinpansare/Desktop/app/apps/mobile/.npmrc
5 silly config load:file:/Users/prasadnitinpansare/.npmrc
6 silly config load:file:/opt/homebrew/etc/npmrc
7 verbose title npm install @react-native-async-storage/async-storage
8 verbose argv "install" "@react-native-async-storage/async-storage" "--cache" "./.npm-cache"
9 verbose logfile logs-max:10 dir:/Users/prasadnitinpansare/Desktop/app/apps/mobile/.npm-cache/_logs/2026-08-01T19_17_45_348Z-
10 verbose logfile /Users/prasadnitinpansare/Desktop/app/apps/mobile/.npm-cache/_logs/2026-08-01T19_17_45_348Z-debug-0.log
11 silly logfile done cleaning log files
12 silly packumentCache heap:4395630592 maxSize:1098907648 maxEntrySize:549453824
13 silly idealTree buildDeps
14 silly fetch manifest @react-native-async-storage/async-storage@*
15 silly packumentCache full:https://registry.npmjs.org/@react-native-async-storage%2fasync-storage cache-miss
16 http fetch GET 200 https://registry.npmjs.org/@react-native-async-storage%2fasync-storage 180ms (cache miss)
17 silly packumentCache full:https://registry.npmjs.org/@react-native-async-storage%2fasync-storage set size:undefined disposed:false
18 silly fetch manifest react@19.2.3
19 silly packumentCache full:https://registry.npmjs.org/react cache-miss
20 http fetch GET 200 https://registry.npmjs.org/npm 493ms
21 http fetch GET 200 https://registry.npmjs.org/react 381ms (cache miss)
22 silly packumentCache full:https://registry.npmjs.org/react set size:undefined disposed:false
23 silly fetch manifest react-native@0.86.0
24 silly packumentCache full:https://registry.npmjs.org/react-native cache-miss
25 http fetch GET 200 https://registry.npmjs.org/react-native 206ms (cache miss)
26 silly packumentCache full:https://registry.npmjs.org/react-native set size:undefined disposed:false
27 silly fetch manifest @react-native/jest-preset@0.86.0
28 silly packumentCache full:https://registry.npmjs.org/@react-native%2fjest-preset cache-miss
29 http fetch GET 200 https://registry.npmjs.org/@react-native%2fjest-preset 60ms (cache miss)
30 silly packumentCache full:https://registry.npmjs.org/@react-native%2fjest-preset set size:undefined disposed:false
31 silly fetch manifest @types/react@~19.2.2
32 silly packumentCache full:https://registry.npmjs.org/@types%2freact cache-miss
33 http fetch GET 200 https://registry.npmjs.org/@types%2freact 118ms (cache miss)
34 silly packumentCache full:https://registry.npmjs.org/@types%2freact set size:undefined disposed:false
35 silly placeDep ROOT @react-native-async-storage/async-storage@3.1.1 OK for: mobile@1.0.0 want: *
36 silly fetch manifest idb@8.0.3
37 silly packumentCache full:https://registry.npmjs.org/idb cache-miss
38 http fetch GET 200 https://registry.npmjs.org/idb 278ms (cache miss)
39 silly packumentCache full:https://registry.npmjs.org/idb set size:undefined disposed:false
40 silly placeDep node_modules/@react-native-async-storage/async-storage idb@8.0.3 OK for: @react-native-async-storage/async-storage@3.1.1 want: 8.0.3
41 silly reify moves {}
42 silly audit bulk request {
42 silly audit   '@adobe/css-tools': [ '4.5.0' ],
42 silly audit   '@babel/code-frame': [ '7.29.7' ],
42 silly audit   '@babel/compat-data': [ '7.29.7' ],
42 silly audit   '@babel/core': [ '7.29.7' ],
42 silly audit   semver: [ '6.3.1', '7.8.5' ],
42 silly audit   '@babel/generator': [ '7.29.7' ],
42 silly audit   '@babel/helper-annotate-as-pure': [ '7.29.7' ],
42 silly audit   '@babel/helper-compilation-targets': [ '7.29.7' ],
42 silly audit   '@babel/helper-create-class-features-plugin': [ '7.29.7' ],
42 silly audit   '@babel/helper-create-regexp-features-plugin': [ '7.29.7' ],
42 silly audit   '@babel/helper-define-polyfill-provider': [ '0.6.8' ],
42 silly audit   '@babel/helper-globals': [ '7.29.7' ],
42 silly audit   '@babel/helper-member-expression-to-functions': [ '7.29.7' ],
42 silly audit   '@babel/helper-module-imports': [ '7.29.7' ],
42 silly audit   '@babel/helper-module-transforms': [ '7.29.7' ],
42 silly audit   '@babel/helper-optimise-call-expression': [ '7.29.7' ],
42 silly audit   '@babel/helper-plugin-utils': [ '7.29.7' ],
42 silly audit   '@babel/helper-remap-async-to-generator': [ '7.29.7' ],
42 silly audit   '@babel/helper-replace-supers': [ '7.29.7' ],
42 silly audit   '@babel/helper-skip-transparent-expression-wrappers': [ '7.29.7' ],
42 silly audit   '@babel/helper-string-parser': [ '7.29.7' ],
42 silly audit   '@babel/helper-validator-identifier': [ '7.29.7' ],
42 silly audit   '@babel/helper-validator-option': [ '7.29.7' ],
42 silly audit   '@babel/helper-wrap-function': [ '7.29.7' ],
42 silly audit   '@babel/helpers': [ '7.29.7' ],
42 silly audit   '@babel/parser': [ '7.29.7' ],
42 silly audit   '@babel/plugin-proposal-decorators': [ '7.29.7' ],
42 silly audit   '@babel/plugin-proposal-export-default-from': [ '7.29.7' ],
42 silly audit   '@babel/plugin-syntax-decorators': [ '7.29.7' ],
42 silly audit   '@babel/plugin-syntax-dynamic-import': [ '7.8.3' ],
42 silly audit   '@babel/plugin-syntax-export-default-from': [ '7.29.7' ],
42 silly audit   '@babel/plugin-syntax-flow': [ '7.29.7' ],
42 silly audit   '@babel/plugin-syntax-jsx': [ '7.29.7' ],
42 silly audit   '@babel/plugin-syntax-nullish-coalescing-operator': [ '7.8.3' ],
42 silly audit   '@babel/plugin-syntax-optional-chaining': [ '7.8.3' ],
42 silly audit   '@babel/plugin-syntax-typescript': [ '7.29.7' ],
42 silly audit   '@babel/plugin-transform-arrow-functions': [ '7.29.7' ],
42 silly audit   '@babel/plugin-transform-async-generator-functions': [ '7.29.7' ],
42 silly audit   '@babel/plugin-transform-async-to-generator': [ '7.29.7' ],
42 silly audit   '@babel/plugin-transform-block-scoping': [ '7.29.7' ],
42 silly audit   '@babel/plugin-transform-class-properties': [ '7.29.7' ],
42 silly audit   '@babel/plugin-transform-class-static-block': [ '7.29.7' ],
42 silly audit   '@babel/plugin-transform-classes': [ '7.29.7' ],
42 silly audit   '@babel/plugin-transform-destructuring': [ '7.29.7' ],
42 silly audit   '@babel/plugin-transform-export-namespace-from': [ '7.29.7' ],
42 silly audit   '@babel/plugin-transform-flow-strip-types': [ '7.29.7' ],
42 silly audit   '@babel/plugin-transform-for-of': [ '7.29.7' ],
42 silly audit   '@babel/plugin-transform-logical-assignment-operators': [ '7.29.7' ],
42 silly audit   '@babel/plugin-transform-modules-commonjs': [ '7.29.7' ],
42 silly audit   '@babel/plugin-transform-named-capturing-groups-regex': [ '7.29.7' ],
42 silly audit   '@babel/plugin-transform-nullish-coalescing-operator': [ '7.29.7' ],
42 silly audit   '@babel/plugin-transform-object-rest-spread': [ '7.29.7' ],
42 silly audit   '@babel/plugin-transform-optional-catch-binding': [ '7.29.7' ],
42 silly audit   '@babel/plugin-transform-optional-chaining': [ '7.29.7' ],
42 silly audit   '@babel/plugin-transform-parameters': [ '7.29.7' ],
42 silly audit   '@babel/plugin-transform-private-methods': [ '7.29.7' ],
42 silly audit   '@babel/plugin-transform-private-property-in-object': [ '7.29.7' ],
42 silly audit   '@babel/plugin-transform-react-display-name': [ '7.29.7' ],
42 silly audit   '@babel/plugin-transform-react-jsx': [ '7.29.7' ],
42 silly audit   '@babel/plugin-transform-react-jsx-development': [ '7.29.7' ],
42 silly audit   '@babel/plugin-transform-react-jsx-self': [ '7.29.7' ],
42 silly audit   '@babel/plugin-transform-react-jsx-source': [ '7.29.7' ],
42 silly audit   '@babel/plugin-transform-react-pure-annotations': [ '7.29.7' ],
42 silly audit   '@babel/plugin-transform-regenerator': [ '7.29.7' ],
42 silly audit   '@babel/plugin-transform-runtime': [ '7.29.7' ],
42 silly audit   '@babel/plugin-transform-shorthand-properties': [ '7.29.7' ],
42 silly audit   '@babel/plugin-transform-template-literals': [ '7.29.7' ],
42 silly audit   '@babel/plugin-transform-typescript': [ '7.29.7' ],
42 silly audit   '@babel/plugin-transform-unicode-regex': [ '7.29.7' ],
42 silly audit   '@babel/preset-typescript': [ '7.29.7' ],
42 silly audit   '@babel/runtime': [ '7.29.7' ],
42 silly audit   '@babel/template': [ '7.29.7' ],
42 silly audit   '@babel/traverse': [ '7.29.7' ],
42 silly audit   '@babel/types': [ '7.29.7' ],
42 silly audit   '@egjs/hammerjs': [ '2.0.17' ],
42 silly audit   '@expo-google-fonts/material-symbols': [ '0.4.38' ],
42 silly audit   '@expo/code-signing-certificates': [ '0.0.6' ],
42 silly audit   '@expo/config': [ '57.0.3' ],
42 silly audit   '@expo/config-plugins': [ '57.0.3' ],
42 silly audit   '@expo/config-types': [ '57.0.1' ],
42 silly audit   '@expo/devcert': [ '1.2.1' ],
42 silly audit   debug: [ '3.2.7', '2.6.9', '4.4.3' ],
42 silly audit   '@expo/devtools': [ '57.0.0' ],
42 silly audit   '@expo/dom-webview': [ '57.0.0' ],
42 silly audit   '@expo/env': [ '2.4.1' ],
42 silly audit   '@expo/expo-modules-macros-plugin': [ '0.3.0' ],
42 silly audit   '@expo/fingerprint': [ '0.20.3' ],
42 silly audit   '@expo/image-utils': [ '0.11.1' ],
42 silly audit   '@expo/inline-modules': [ '0.1.2' ],
42 silly audit   '@expo/json-file': [ '11.0.0' ],
42 silly audit   '@expo/local-build-cache-provider': [ '57.0.2' ],
42 silly audit   '@expo/log-box': [ '57.0.0' ],
42 silly audit   '@expo/metro': [ '56.0.0' ],
42 silly audit   '@expo/metro-config': [ '57.0.3' ],
42 silly audit   '@expo/metro-file-map': [ '57.0.0' ],
42 silly audit   '@expo/metro-runtime': [ '57.0.3' ],
42 silly audit   '@expo/osascript': [ '2.7.0' ],
42 silly audit   '@expo/package-manager': [ '1.13.0' ],
42 silly audit   '@expo/plist': [ '0.8.0' ],
42 silly audit   '@expo/prebuild-config': [ '57.0.5' ],
42 silly audit   '@expo/require-utils': [ '57.0.1' ],
42 silly audit   '@expo/schema-utils': [ '57.0.1' ],
42 silly audit   '@expo/sdk-runtime-versions': [ '1.0.0' ],
42 silly audit   '@expo/spawn-async': [ '1.8.0' ],
42 silly audit   '@expo/sudo-prompt': [ '9.3.2' ],
42 silly audit   '@expo/ui': [ '57.0.4' ],
42 silly audit   '@expo/vector-icons': [ '15.1.1' ],
42 silly audit   '@expo/xcpretty': [ '4.4.4' ],
42 silly audit   '@firebase/ai': [ '2.13.1' ],
42 silly audit   '@firebase/analytics': [ '0.10.22' ],
42 silly audit   '@firebase/analytics-compat': [ '0.2.28' ],
42 silly audit   '@firebase/analytics-types': [ '0.8.4' ],
42 silly audit   '@firebase/app': [ '0.15.1' ],
42 silly audit   '@firebase/app-check': [ '0.12.0' ],
42 silly audit   '@firebase/app-check-compat': [ '0.4.5' ],
42 silly audit   '@firebase/app-check-interop-types': [ '0.3.4' ],
42 silly audit   '@firebase/app-check-types': [ '0.5.4' ],
42 silly audit   '@firebase/app-compat': [ '0.5.15' ],
42 silly audit   '@firebase/app-types': [ '0.9.5' ],
42 silly audit   '@firebase/auth': [ '1.13.3' ],
42 silly audit   '@firebase/auth-compat': [ '0.6.8' ],
42 silly audit   '@firebase/auth-interop-types': [ '0.2.5' ],
42 silly audit   '@firebase/auth-types': [ '0.13.1' ],
42 silly audit   '@firebase/component': [ '0.7.3' ],
42 silly audit   '@firebase/data-connect': [ '0.7.1' ],
42 silly audit   '@firebase/database': [ '1.1.3' ],
42 silly audit   '@firebase/database-compat': [ '2.1.4' ],
42 silly audit   '@firebase/database-types': [ '1.0.20' ],
42 silly audit   '@firebase/firestore': [ '4.16.0' ],
42 silly audit   '@firebase/firestore-compat': [ '0.4.11' ],
42 silly audit   '@firebase/firestore-types': [ '3.0.4' ],
42 silly audit   '@firebase/functions': [ '0.13.5' ],
42 silly audit   '@firebase/functions-compat': [ '0.4.5' ],
42 silly audit   '@firebase/functions-types': [ '0.6.4' ],
42 silly audit   '@firebase/installations': [ '0.6.22' ],
42 silly audit   '@firebase/installations-compat': [ '0.2.22' ],
42 silly audit   '@firebase/installations-types': [ '0.5.4' ],
42 silly audit   '@firebase/logger': [ '0.5.1' ],
42 silly audit   '@firebase/messaging': [ '0.13.0' ],
42 silly audit   '@firebase/messaging-compat': [ '0.2.27' ],
42 silly audit   '@firebase/messaging-interop-types': [ '0.2.5' ],
42 silly audit   '@firebase/performance': [ '0.7.12' ],
42 silly audit   '@firebase/performance-compat': [ '0.2.25' ],
42 silly audit   '@firebase/performance-types': [ '0.2.4' ],
42 silly audit   '@firebase/remote-config': [ '0.9.0' ],
42 silly audit   '@firebase/remote-config-compat': [ '0.2.27' ],
42 silly audit   '@firebase/remote-config-types': [ '0.5.1' ],
42 silly audit   '@firebase/storage': [ '0.14.3' ],
42 silly audit   '@firebase/storage-compat': [ '0.4.3' ],
42 silly audit   '@firebase/storage-types': [ '0.8.4' ],
42 silly audit   '@firebase/util': [ '1.15.1' ],
42 silly audit   '@firebase/webchannel-wrapper': [ '1.0.6' ],
42 silly audit   '@google/genai': [ '2.11.0' ],
42 silly audit   ws: [ '8.21.1', '8.21.0', '7.5.11' ],
42 silly audit   '@grpc/grpc-js': [ '1.9.16' ],
42 silly audit   '@grpc/proto-loader': [ '0.7.15' ],
42 silly audit   '@isaacs/ttlcache': [ '1.4.1' ],
42 silly audit   '@jest/schemas': [ '29.6.3' ],
42 silly audit   '@jest/types': [ '29.6.3' ],
42 silly audit   '@jridgewell/gen-mapping': [ '0.3.13' ],
42 silly audit   '@jridgewell/remapping': [ '2.3.5' ],
42 silly audit   '@jridgewell/resolve-uri': [ '3.1.2' ],
42 silly audit   '@jridgewell/source-map': [ '0.3.11' ],
42 silly audit   '@jridgewell/sourcemap-codec': [ '1.5.5' ],
42 silly audit   '@jridgewell/trace-mapping': [ '0.3.31' ],
42 silly audit   '@protobufjs/aspromise': [ '1.1.2' ],
42 silly audit   '@protobufjs/base64': [ '1.1.2' ],
42 silly audit   '@protobufjs/codegen': [ '2.0.5' ],
42 silly audit   '@protobufjs/eventemitter': [ '1.1.1' ],
42 silly audit   '@protobufjs/fetch': [ '1.1.1' ],
42 silly audit   '@protobufjs/float': [ '1.0.2' ],
42 silly audit   '@protobufjs/path': [ '1.1.2' ],
42 silly audit   '@protobufjs/pool': [ '1.1.0' ],
42 silly audit   '@protobufjs/utf8': [ '1.1.2' ],
42 silly audit   '@radix-ui/primitive': [ '1.1.5' ],
42 silly audit   '@radix-ui/react-collection': [ '1.1.12' ],
42 silly audit   '@radix-ui/react-compose-refs': [ '1.1.3' ],
42 silly audit   '@radix-ui/react-context': [ '1.2.0' ],
42 silly audit   '@radix-ui/react-dialog': [ '1.1.19' ],
42 silly audit   '@radix-ui/react-direction': [ '1.1.2' ],
42 silly audit   '@radix-ui/react-dismissable-layer': [ '1.1.15' ],
42 silly audit   '@radix-ui/react-focus-guards': [ '1.1.4' ],
42 silly audit   '@radix-ui/react-focus-scope': [ '1.1.12' ],
42 silly audit   '@radix-ui/react-id': [ '1.1.2' ],
42 silly audit   '@radix-ui/react-portal': [ '1.1.13' ],
42 silly audit   '@radix-ui/react-presence': [ '1.1.7' ],
42 silly audit   '@radix-ui/react-primitive': [ '2.1.7' ],
42 silly audit   '@radix-ui/react-roving-focus': [ '1.1.15' ],
42 silly audit   '@radix-ui/react-slot': [ '1.3.0' ],
42 silly audit   '@radix-ui/react-tabs': [ '1.1.17' ],
42 silly audit   '@radix-ui/react-use-callback-ref': [ '1.1.2' ],
42 silly audit   '@radix-ui/react-use-controllable-state': [ '1.2.3' ],
42 silly audit   '@radix-ui/react-use-effect-event': [ '0.0.3' ],
42 silly audit   '@radix-ui/react-use-is-hydrated': [ '0.1.1' ],
42 silly audit   '@radix-ui/react-use-layout-effect': [ '1.1.2' ],
42 silly audit   '@react-native-masked-view/masked-view': [ '0.3.2' ],
42 silly audit   '@react-native/assets-registry': [ '0.86.0' ],
42 silly audit   '@react-native/babel-plugin-codegen': [ '0.86.0' ],
42 silly audit   '@react-native/babel-preset': [ '0.86.0' ],
42 silly audit   '@react-native/codegen': [ '0.86.0' ],
42 silly audit   '@react-native/community-cli-plugin': [ '0.86.0' ],
42 silly audit   '@react-native/debugger-frontend': [ '0.86.0' ],
42 silly audit   '@react-native/debugger-shell': [ '0.86.0' ],
42 silly audit   '@react-native/dev-middleware': [ '0.86.0' ],
42 silly audit   '@react-native/gradle-plugin': [ '0.86.0' ],
42 silly audit   '@react-native/js-polyfills': [ '0.86.0' ],
42 silly audit   '@react-native/metro-babel-transformer': [ '0.86.0' ],
42 silly audit   '@react-native/metro-config': [ '0.86.0' ],
42 silly audit   '@react-native/normalize-colors': [ '0.86.0', '0.74.89' ],
42 silly audit   '@react-native/virtualized-lists': [ '0.86.0' ],
42 silly audit   '@sinclair/typebox': [ '0.27.10' ],
42 silly audit   '@testing-library/dom': [ '10.4.1' ],
42 silly audit   'ansi-styles': [ '5.2.0', '4.3.0', '3.2.1' ],
42 silly audit   'pretty-format': [ '27.5.1', '29.7.0' ],
42 silly audit   'react-is': [ '17.0.2', '16.13.1', '18.3.1', '19.2.7' ],
42 silly audit   '@testing-library/jest-dom': [ '6.9.1' ],
42 silly audit   'dom-accessibility-api': [ '0.6.3', '0.5.16' ],
42 silly audit   '@testing-library/user-event': [ '14.6.1' ],
42 silly audit   '@types/aria-query': [ '5.0.4' ],
42 silly audit   '@types/hammerjs': [ '2.0.46' ],
42 silly audit   '@types/istanbul-lib-coverage': [ '2.0.6' ],
42 silly audit   '@types/istanbul-lib-report': [ '3.0.3' ],
42 silly audit   '@types/istanbul-reports': [ '3.0.4' ],
42 silly audit   '@types/node': [ '26.1.1' ],
42 silly audit   '@types/react': [ '19.2.17' ],
42 silly audit   '@types/react-test-renderer': [ '19.1.0' ],
42 silly audit   '@types/retry': [ '0.12.0' ],
42 silly audit   '@types/yargs': [ '17.0.35' ],
42 silly audit   '@types/yargs-parser': [ '21.0.3' ],
42 silly audit   '@ungap/structured-clone': [ '1.3.2' ],
42 silly audit   '@xmldom/xmldom': [ '0.8.13', '0.9.10' ],
42 silly audit   'abort-controller': [ '3.0.0' ],
42 silly audit   accepts: [ '2.0.0', '1.3.8' ],
42 silly audit   acorn: [ '8.17.0' ],
42 silly audit   'agent-base': [ '7.1.4' ],
42 silly audit   'agent-cli-detector': [ '0.1.2' ],
42 silly audit   anser: [ '1.4.10' ],
42 silly audit   'ansi-escapes': [ '4.3.2' ],
42 silly audit   'type-fest': [ '0.21.3', '0.7.1' ],
42 silly audit   'ansi-regex': [ '5.0.1', '4.1.1' ],
42 silly audit   arg: [ '5.0.2' ],
42 silly audit   argparse: [ '2.0.1' ],
42 silly audit   'aria-hidden': [ '1.2.6' ],
42 silly audit   'aria-query': [ '5.3.0' ],
42 silly audit   asap: [ '2.0.6' ],
42 silly audit   'babel-plugin-polyfill-corejs2': [ '0.4.17' ],
42 silly audit   'babel-plugin-polyfill-corejs3': [ '0.13.0' ],
42 silly audit   'babel-plugin-polyfill-regenerator': [ '0.6.8' ],
42 silly audit   'babel-plugin-react-compiler': [ '1.0.0' ],
42 silly audit   'babel-plugin-react-native-web': [ '0.21.2' ],
42 silly audit   'babel-plugin-syntax-hermes-parser': [ '0.36.0' ],
42 silly audit   'babel-plugin-transform-flow-enums': [ '0.0.2' ],
42 silly audit   'babel-preset-expo': [ '57.0.2' ],
42 silly audit   'balanced-match': [ '4.0.4' ],
42 silly audit   'base64-js': [ '1.5.1' ],
42 silly audit   'baseline-browser-mapping': [ '2.10.42' ],
42 silly audit   'big-integer': [ '1.6.52' ],
42 silly audit   'bignumber.js': [ '9.3.1' ],
42 silly audit   boolbase: [ '1.0.0' ],
42 silly audit   'bplist-creator': [ '0.1.0' ],
42 silly audit   'bplist-parser': [ '0.3.1' ],
42 silly audit   'brace-expansion': [ '5.0.7' ],
42 silly audit   braces: [ '3.0.3' ],
42 silly audit   browserslist: [ '4.28.5' ],
42 silly audit   bser: [ '2.1.1' ],
42 silly audit   'buffer-equal-constant-time': [ '1.0.1' ],
42 silly audit   'buffer-from': [ '1.1.2' ],
42 silly audit   bytes: [ '3.1.2' ],
42 silly audit   camelcase: [ '6.3.0' ],
42 silly audit   'caniuse-lite': [ '1.0.30001803' ],
42 silly audit   chalk: [ '4.1.2', '2.4.2' ],
42 silly audit   'chrome-launcher': [ '0.15.2' ],
42 silly audit   'chromium-edge-launcher': [ '0.3.0' ],
42 silly audit   'ci-info': [ '2.0.0', '3.9.0' ],
42 silly audit   'cli-cursor': [ '2.1.0' ],
42 silly audit   'cli-spinners': [ '2.9.2' ],
42 silly audit   'client-only': [ '0.0.1' ],
42 silly audit   cliui: [ '8.0.1' ],
42 silly audit   clone: [ '1.0.4' ],
42 silly audit   color: [ '4.2.3' ],
42 silly audit   'color-convert': [ '2.0.1', '1.9.3' ],
42 silly audit   'color-name': [ '1.1.4', '1.1.3' ],
42 silly audit   'color-string': [ '1.9.1' ],
42 silly audit   commander: [ '7.2.0', '12.1.0', '2.20.3' ],
42 silly audit   compressible: [ '2.0.18' ],
42 silly audit   compression: [ '1.8.1' ],
42 silly audit   ms: [ '2.0.0', '2.1.3' ],
42 silly audit   negotiator: [ '0.6.4', '0.6.3', '1.0.0' ],
42 silly audit   connect: [ '3.7.0' ],
42 silly audit   'convert-source-map': [ '2.0.0' ],
42 silly audit   'core-js-compat': [ '3.49.0' ],
42 silly audit   'cross-fetch': [ '3.2.0' ],
42 silly audit   'cross-spawn': [ '7.0.6' ],
42 silly audit   'css-in-js-utils': [ '3.1.0' ],
42 silly audit   'css-select': [ '5.2.2' ],
42 silly audit   'css-tree': [ '1.1.3' ],
42 silly audit   'source-map': [ '0.6.1', '0.5.7' ],
42 silly audit   'css-what': [ '6.2.2' ],
42 silly audit   'css.escape': [ '1.5.1' ],
42 silly audit   csstype: [ '3.2.3' ],
42 silly audit   'data-uri-to-buffer': [ '4.0.1' ],
42 silly audit   'decode-uri-component': [ '0.2.2' ],
42 silly audit   deepmerge: [ '4.3.1' ],
42 silly audit   defaults: [ '1.0.4' ],
42 silly audit   depd: [ '2.0.0' ],
42 silly audit   dequal: [ '2.0.3' ],
42 silly audit   destroy: [ '1.2.0' ],
42 silly audit   'detect-libc': [ '2.1.2' ],
42 silly audit   'detect-node-es': [ '1.1.0' ],
42 silly audit   'dnssd-advertise': [ '1.1.6' ],
42 silly audit   'dom-serializer': [ '2.0.0' ],
42 silly audit   domelementtype: [ '2.3.0' ],
42 silly audit   domhandler: [ '5.0.3' ],
42 silly audit   domutils: [ '3.2.2' ],
42 silly audit   'ecdsa-sig-formatter': [ '1.0.11' ],
42 silly audit   'ee-first': [ '1.1.1' ],
42 silly audit   'electron-to-chromium': [ '1.5.389' ],
42 silly audit   'emoji-regex': [ '8.0.0' ],
42 silly audit   encodeurl: [ '1.0.2', '2.0.0' ],
42 silly audit   entities: [ '4.5.0' ],
42 silly audit   'error-stack-parser': [ '2.1.4' ],
42 silly audit   'es-errors': [ '1.3.0' ],
42 silly audit   escalade: [ '3.2.0' ],
42 silly audit   'escape-html': [ '1.0.3' ],
42 silly audit   'escape-string-regexp': [ '4.0.0', '1.0.5' ],
42 silly audit   etag: [ '1.8.1' ],
42 silly audit   'event-target-shim': [ '5.0.1' ],
42 silly audit   expo: [ '57.0.4' ],
42 silly audit   'expo-asset': [ '57.0.3' ],
42 silly audit   'expo-blur': [ '57.0.0' ],
42 silly audit   'expo-constants': [ '57.0.3' ],
42 silly audit   'expo-device': [ '57.0.0' ],
42 silly audit   'expo-document-picker': [ '57.0.1' ],
42 silly audit   'expo-file-system': [ '57.0.1' ],
42 silly audit   'expo-font': [ '57.0.0' ],
42 silly audit   'expo-glass-effect': [ '57.0.0' ],
42 silly audit   'expo-image': [ '57.0.0' ],
42 silly audit   'expo-keep-awake': [ '57.0.0' ],
42 silly audit   'expo-linear-gradient': [ '57.0.0' ],
42 silly audit   'expo-linking': [ '57.0.2' ],
42 silly audit   'expo-mail-composer': [ '57.0.1' ],
42 silly audit   'expo-modules-autolinking': [ '57.0.5' ],
42 silly audit   'expo-modules-core': [ '57.0.3' ],
42 silly audit   'expo-modules-jsi': [ '57.0.1' ],
42 silly audit   'expo-router': [ '57.0.4' ],
42 silly audit   'expo-secure-store': [ '57.0.1' ],
42 silly audit   'expo-server': [ '57.0.0' ],
42 silly audit   'expo-splash-screen': [ '57.0.2' ],
42 silly audit   'expo-status-bar': [ '57.0.0' ],
42 silly audit   'expo-symbols': [ '57.0.0' ],
42 silly audit   'expo-system-ui': [ '57.0.0' ],
42 silly audit   'expo-web-browser': [ '57.0.0' ],
42 silly audit   '@expo/cli': [ '57.0.6' ],
42 silly audit   '@expo/router-server': [ '57.0.2' ],
42 silly audit   '@expo/ws-tunnel': [ '2.0.0' ],
42 silly audit   'mime-db': [ '1.52.0', '1.54.0' ],
42 silly audit   'mime-types': [ '2.1.35', '3.0.2' ],
42 silly audit   'exponential-backoff': [ '3.1.3' ],
42 silly audit   extend: [ '3.0.2' ],
42 silly audit   'fast-deep-equal': [ '3.1.3' ],
42 silly audit   'faye-websocket': [ '0.11.4' ],
42 silly audit   'fb-dotslash': [ '0.5.8' ],
42 silly audit   'fb-watchman': [ '2.0.2' ],
42 silly audit   fbjs: [ '3.0.5' ],
42 silly audit   'fbjs-css-vars': [ '1.0.2' ],
42 silly audit   promise: [ '7.3.1', '8.3.0' ],
42 silly audit   'ua-parser-js': [ '1.0.41', '0.7.41' ],
42 silly audit   fdir: [ '6.5.0' ],
42 silly audit   'fetch-blob': [ '3.2.0' ],
42 silly audit   'fetch-nodeshim': [ '0.4.10' ],
42 silly audit   'fill-range': [ '7.1.1' ],
42 silly audit   'filter-obj': [ '1.1.0' ],
42 silly audit   finalhandler: [ '1.1.2' ],
42 silly audit   firebase: [ '12.16.0' ],
42 silly audit   'flow-enums-runtime': [ '0.0.6' ],
42 silly audit   fontfaceobserver: [ '2.3.0' ],
42 silly audit   'formdata-polyfill': [ '4.0.10' ],
42 silly audit   fresh: [ '0.5.2' ],
42 silly audit   'function-bind': [ '1.1.2' ],
42 silly audit   gaxios: [ '7.2.0' ],
42 silly audit   'node-fetch': [ '3.3.2', '2.7.0' ],
42 silly audit   'gcp-metadata': [ '8.1.2' ],
42 silly audit   gensync: [ '1.0.0-beta.2' ],
42 silly audit   'get-caller-file': [ '2.0.5' ],
42 silly audit   'get-nonce': [ '1.0.1' ],
42 silly audit   getenv: [ '2.0.0' ],
42 silly audit   glob: [ '13.0.6' ],
42 silly audit   'google-auth-library': [ '10.9.0' ],
42 silly audit   'google-logging-utils': [ '1.1.3' ],
42 silly audit   'graceful-fs': [ '4.2.11' ],
42 silly audit   'has-flag': [ '4.0.0', '3.0.0' ],
42 silly audit   hasown: [ '2.0.4' ],
42 silly audit   'hermes-compiler': [ '250829098.0.14' ],
42 silly audit   'hermes-estree': [ '0.36.0', '0.35.0' ],
42 silly audit   'hermes-parser': [ '0.36.0', '0.35.0' ],
42 silly audit   'hoist-non-react-statics': [ '3.3.2' ],
42 silly audit   'hosted-git-info': [ '7.0.2' ],
42 silly audit   'lru-cache': [ '10.4.3', '5.1.1', '11.5.2' ],
42 silly audit   'http-errors': [ '2.0.1' ],
42 silly audit   statuses: [ '2.0.2', '1.5.0' ],
42 silly audit   'http-parser-js': [ '0.5.10' ],
42 silly audit   'https-proxy-agent': [ '7.0.6' ],
42 silly audit   'hyphenate-style-name': [ '1.1.0' ],
42 silly audit   idb: [ '7.1.1', '8.0.3' ],
42 silly audit   ignore: [ '5.3.2' ],
42 silly audit   'image-size': [ '1.2.1' ],
42 silly audit   'indent-string': [ '4.0.0' ],
42 silly audit   inherits: [ '2.0.4' ],
42 silly audit   'inline-style-prefixer': [ '7.0.1' ],
42 silly audit   invariant: [ '2.2.4' ],
42 silly audit   'is-arrayish': [ '0.3.4' ],
42 silly audit   'is-core-module': [ '2.16.2' ],
42 silly audit   'is-docker': [ '2.2.1' ],
42 silly audit   'is-fullwidth-code-point': [ '3.0.0' ],
42 silly audit   'is-number': [ '7.0.0' ],
42 silly audit   'is-wsl': [ '2.2.0' ],
42 silly audit   isexe: [ '2.0.0' ],
42 silly audit   'jest-get-type': [ '29.6.3' ],
42 silly audit   'jest-util': [ '29.7.0' ],
42 silly audit   picomatch: [ '2.3.2', '4.0.5' ],
42 silly audit   'jest-validate': [ '29.7.0' ],
42 silly audit   'jest-worker': [ '29.7.0' ],
42 silly audit   'supports-color': [ '8.1.1', '5.5.0', '7.2.0' ],
42 silly audit   'jimp-compact': [ '0.16.1' ],
42 silly audit   'js-tokens': [ '4.0.0' ],
42 silly audit   'js-yaml': [ '4.3.0' ],
42 silly audit   'jsc-safe-url': [ '0.2.4' ],
42 silly audit   jsesc: [ '3.1.0' ],
42 silly audit   'json-bigint': [ '1.0.0' ],
42 silly audit   json5: [ '2.2.3' ],
42 silly audit   jwa: [ '2.0.1' ],
42 silly audit   jws: [ '4.0.1' ],
42 silly audit   kleur: [ '3.0.3' ],
42 silly audit   'lan-network': [ '0.2.1' ],
42 silly audit   leven: [ '3.1.0' ],
42 silly audit   'lighthouse-logger': [ '1.4.2' ],
42 silly audit   lightningcss: [ '1.32.0' ],
42 silly audit   'lightningcss-android-arm64': [ '1.32.0' ],
42 silly audit   'lightningcss-darwin-arm64': [ '1.32.0' ],
42 silly audit   'lightningcss-darwin-x64': [ '1.32.0' ],
42 silly audit   'lightningcss-freebsd-x64': [ '1.32.0' ],
42 silly audit   'lightningcss-linux-arm-gnueabihf': [ '1.32.0' ],
42 silly audit   'lightningcss-linux-arm64-gnu': [ '1.32.0' ],
42 silly audit   'lightningcss-linux-arm64-musl': [ '1.32.0' ],
42 silly audit   'lightningcss-linux-x64-gnu': [ '1.32.0' ],
42 silly audit   'lightningcss-linux-x64-musl': [ '1.32.0' ],
42 silly audit   'lightningcss-win32-arm64-msvc': [ '1.32.0' ],
42 silly audit   'lightningcss-win32-x64-msvc': [ '1.32.0' ],
42 silly audit   'lodash.camelcase': [ '4.3.0' ],
42 silly audit   'lodash.debounce': [ '4.0.8' ],
42 silly audit   'lodash.throttle': [ '4.1.1' ],
42 silly audit   'log-symbols': [ '2.2.0' ],
42 silly audit   long: [ '5.3.2' ],
42 silly audit   'loose-envify': [ '1.4.0' ],
42 silly audit   'lz-string': [ '1.5.0' ],
42 silly audit   makeerror: [ '1.0.12' ],
42 silly audit   marky: [ '1.3.0' ],
42 silly audit   'mdn-data': [ '2.0.14' ],
42 silly audit   'memoize-one': [ '5.2.1', '6.0.0' ],
42 silly audit   'merge-stream': [ '2.0.0' ],
42 silly audit   metro: [ '0.84.4' ],
42 silly audit   'metro-babel-transformer': [ '0.84.4' ],
42 silly audit   'metro-cache': [ '0.84.4' ],
42 silly audit   'metro-cache-key': [ '0.84.4' ],
42 silly audit   'metro-config': [ '0.84.4' ],
42 silly audit   'metro-core': [ '0.84.4' ],
42 silly audit   'metro-file-map': [ '0.84.4' ],
42 silly audit   'metro-minify-terser': [ '0.84.4' ],
42 silly audit   'metro-resolver': [ '0.84.4' ],
42 silly audit   'metro-runtime': [ '0.84.4' ],
42 silly audit   'metro-source-map': [ '0.84.4' ],
42 silly audit   'metro-symbolicate': [ '0.84.4' ],
42 silly audit   'metro-transform-plugins': [ '0.84.4' ],
42 silly audit   'metro-transform-worker': [ '0.84.4' ],
42 silly audit   micromatch: [ '4.0.8' ],
42 silly audit   mime: [ '1.6.0' ],
42 silly audit   'mimic-fn': [ '1.2.0' ],
42 silly audit   'min-indent': [ '1.0.1' ],
42 silly audit   minimatch: [ '10.2.5' ],
42 silly audit   minipass: [ '7.1.3' ],
42 silly audit   mkdirp: [ '1.0.4' ],
42 silly audit   multitars: [ '1.0.0' ],
42 silly audit   nanoid: [ '3.3.15' ],
42 silly audit   'node-domexception': [ '1.0.0' ],
42 silly audit   'node-forge': [ '1.4.0' ],
42 silly audit   'node-int64': [ '0.4.0' ],
42 silly audit   'node-releases': [ '2.0.50' ],
42 silly audit   'npm-package-arg': [ '11.0.3' ],
42 silly audit   'nth-check': [ '2.1.1' ],
42 silly audit   nullthrows: [ '1.1.1' ],
42 silly audit   ob1: [ '0.84.4' ],
42 silly audit   'object-assign': [ '4.1.1' ],
42 silly audit   'on-finished': [ '2.3.0', '2.4.1' ],
42 silly audit   'on-headers': [ '1.1.0' ],
42 silly audit   onetime: [ '2.0.1' ],
42 silly audit   open: [ '7.4.2' ],
42 silly audit   ora: [ '3.4.0' ],
42 silly audit   'strip-ansi': [ '5.2.0', '6.0.1' ],
42 silly audit   'p-retry': [ '4.6.2' ],
42 silly audit   'parse-png': [ '2.1.0' ],
42 silly audit   parseurl: [ '1.3.3' ],
42 silly audit   'path-key': [ '3.1.1' ],
42 silly audit   'path-parse': [ '1.0.7' ],
42 silly audit   'path-scurry': [ '2.0.2' ],
42 silly audit   picocolors: [ '1.1.1' ],
42 silly audit   plist: [ '3.1.1' ],
42 silly audit   pngjs: [ '3.4.0' ],
42 silly audit   postcss: [ '8.5.16' ],
42 silly audit   'postcss-value-parser': [ '4.2.0' ],
42 silly audit   'proc-log': [ '4.2.0' ],
42 silly audit   progress: [ '2.0.3' ],
42 silly audit   prompts: [ '2.4.2' ],
42 silly audit   protobufjs: [ '7.6.5' ],
42 silly audit   'query-string': [ '7.1.3' ],
42 silly audit   queue: [ '6.0.2' ],
42 silly audit   'range-parser': [ '1.2.1' ],
42 silly audit   re2js: [ '0.4.3' ],
42 silly audit   react: [ '19.2.3' ],
42 silly audit   'react-devtools-core': [ '6.1.5' ],
42 silly audit   'react-dom': [ '19.2.3' ],
42 silly audit   'react-fast-compare': [ '3.2.2' ],
42 silly audit   'react-freeze': [ '1.0.4' ],
42 silly audit   'react-native': [ '0.86.0' ],
42 silly audit   'react-native-drawer-layout': [ '4.2.7' ],
42 silly audit   'react-native-gesture-handler': [ '2.32.0' ],
42 silly audit   'react-native-is-edge-to-edge': [ '1.3.1' ],
42 silly audit   'react-native-reanimated': [ '4.5.0' ],
42 silly audit   'react-native-safe-area-context': [ '5.7.0' ],
42 silly audit   'react-native-screens': [ '4.25.2' ],
42 silly audit   'react-native-svg': [ '15.15.4' ],
42 silly audit   'react-native-web': [ '0.21.2' ],
42 silly audit   'react-native-worklets': [ '0.10.0' ],
42 silly audit   'react-refresh': [ '0.14.2' ],
42 silly audit   'react-remove-scroll': [ '2.7.2' ],
42 silly audit   'react-remove-scroll-bar': [ '2.3.8' ],
42 silly audit   'react-style-singleton': [ '2.2.3' ],
42 silly audit   redent: [ '3.0.0' ],
42 silly audit   regenerate: [ '1.4.2' ],
42 silly audit   'regenerate-unicode-properties': [ '10.2.2' ],
42 silly audit   'regenerator-runtime': [ '0.13.11' ],
42 silly audit   'regexpu-core': [ '6.4.0' ],
42 silly audit   regjsgen: [ '0.8.0' ],
42 silly audit   regjsparser: [ '0.13.2' ],
42 silly audit   'require-directory': [ '2.1.1' ],
42 silly audit   resolve: [ '1.22.12' ],
42 silly audit   'resolve-from': [ '5.0.0' ],
42 silly audit   'resolve-workspace-root': [ '2.0.1' ],
42 silly audit   'restore-cursor': [ '2.0.0' ],
42 silly audit   retry: [ '0.13.1' ],
42 silly audit   'safe-buffer': [ '5.2.1' ],
42 silly audit   sax: [ '1.6.0' ],
42 silly audit   scheduler: [ '0.27.0' ],
42 silly audit   send: [ '0.19.2' ],
42 silly audit   'serialize-error': [ '2.1.0' ],
42 silly audit   'serve-static': [ '1.16.3' ],
42 silly audit   'server-only': [ '0.0.1' ],
42 silly audit   setimmediate: [ '1.0.5' ],
42 silly audit   setprototypeof: [ '1.2.0' ],
42 silly audit   'sf-symbols-typescript': [ '2.2.0' ],
42 silly audit   shallowequal: [ '1.1.0' ],
42 silly audit   'shebang-command': [ '2.0.0' ],
42 silly audit   'shebang-regex': [ '3.0.0' ],
42 silly audit   'shell-quote': [ '1.9.0' ],
42 silly audit   'signal-exit': [ '3.0.7' ],
42 silly audit   'simple-plist': [ '1.3.1' ],
42 silly audit   'simple-swizzle': [ '0.2.4' ],
42 silly audit   sisteransi: [ '1.0.5' ],
42 silly audit   slugify: [ '1.6.9' ],
42 silly audit   'source-map-js': [ '1.2.1' ],
42 silly audit   'source-map-support': [ '0.5.21' ],
42 silly audit   'split-on-first': [ '1.1.0' ],
42 silly audit   stackframe: [ '1.3.4' ],
42 silly audit   'stacktrace-parser': [ '0.1.11' ],
42 silly audit   'standard-navigation': [ '0.0.5' ],
42 silly audit   'stream-buffers': [ '2.2.0' ],
42 silly audit   'strict-uri-encode': [ '2.0.0' ],
42 silly audit   'string-width': [ '4.2.3' ],
42 silly audit   'strip-indent': [ '3.0.0' ],
42 silly audit   'structured-headers': [ '0.4.1' ],
42 silly audit   styleq: [ '0.1.3' ],
42 silly audit   'supports-hyperlinks': [ '2.3.0' ],
42 silly audit   'supports-preserve-symlinks-flag': [ '1.0.0' ],
42 silly audit   'terminal-link': [ '2.1.1' ],
42 silly audit   terser: [ '5.48.0' ],
42 silly audit   throat: [ '5.0.0' ],
42 silly audit   tinyglobby: [ '0.2.17' ],
42 silly audit   tmpl: [ '1.0.5' ],
42 silly audit   'to-regex-range': [ '5.0.1' ],
42 silly audit   toidentifier: [ '1.0.1' ],
42 silly audit   toqr: [ '0.1.1' ],
42 silly audit   tr46: [ '0.0.3' ],
42 silly audit   tslib: [ '2.8.1' ],
42 silly audit   typescript: [ '6.0.3' ],
42 silly audit   'undici-types': [ '8.3.0' ],
42 silly audit   'unicode-canonical-property-names-ecmascript': [ '2.0.1' ],
42 silly audit   'unicode-match-property-ecmascript': [ '2.0.0' ],
42 silly audit   'unicode-match-property-value-ecmascript': [ '2.2.1' ],
42 silly audit   'unicode-property-aliases-ecmascript': [ '2.2.0' ],
42 silly audit   unpipe: [ '1.0.0' ],
42 silly audit   'update-browserslist-db': [ '1.2.3' ],
42 silly audit   'use-callback-ref': [ '1.3.3' ],
42 silly audit   'use-latest-callback': [ '0.2.6' ],
42 silly audit   'use-sidecar': [ '1.1.3' ],
42 silly audit   'utils-merge': [ '1.0.1' ],
42 silly audit   uuid: [ '7.0.3' ],
42 silly audit   'validate-npm-package-name': [ '5.0.1' ],
42 silly audit   vary: [ '1.1.2' ],
42 silly audit   vaul: [ '1.1.2' ],
42 silly audit   vlq: [ '1.0.1' ],
42 silly audit   walker: [ '1.0.8' ],
42 silly audit   'warn-once': [ '0.1.1' ],
42 silly audit   wcwidth: [ '1.0.1' ],
42 silly audit   'web-streams-polyfill': [ '3.3.3' ],
42 silly audit   'web-vitals': [ '4.2.4' ],
42 silly audit   'webidl-conversions': [ '3.0.1' ],
42 silly audit   'websocket-driver': [ '0.7.5' ],
42 silly audit   'websocket-extensions': [ '0.1.4' ],
42 silly audit   'whatwg-fetch': [ '3.6.20' ],
42 silly audit   'whatwg-url': [ '5.0.0' ],
42 silly audit   'whatwg-url-minimum': [ '0.1.2' ],
42 silly audit   which: [ '2.0.2' ],
42 silly audit   'wrap-ansi': [ '7.0.0' ],
42 silly audit   xcode: [ '3.0.1' ],
42 silly audit   xml2js: [ '0.6.0' ],
42 silly audit   xmlbuilder: [ '11.0.1', '15.1.1' ],
42 silly audit   y18n: [ '5.0.8' ],
42 silly audit   yallist: [ '3.1.1' ],
42 silly audit   yaml: [ '2.9.0' ],
42 silly audit   yargs: [ '17.7.3' ],
42 silly audit   'yargs-parser': [ '21.1.1' ],
42 silly audit   zod: [ '3.25.76' ],
42 silly audit   '@react-native-async-storage/async-storage': [ '3.1.1' ]
42 silly audit }
43 http cache idb@https://registry.npmjs.org/idb/-/idb-8.0.3.tgz 0ms (cache hit)
44 http cache @react-native-async-storage/async-storage@https://registry.npmjs.org/@react-native-async-storage/async-storage/-/async-storage-3.1.1.tgz 0ms (cache hit)
45 silly tarball no local data for idb@https://registry.npmjs.org/idb/-/idb-8.0.3.tgz. Extracting by manifest.
46 silly tarball no local data for @react-native-async-storage/async-storage@https://registry.npmjs.org/@react-native-async-storage/async-storage/-/async-storage-3.1.1.tgz. Extracting by manifest.
47 http fetch GET 200 https://registry.npmjs.org/idb/-/idb-8.0.3.tgz 43ms (cache miss)
48 http fetch POST 200 https://registry.npmjs.org/-/npm/v1/security/advisories/bulk 194ms
49 silly audit report {
49 silly audit report   'brace-expansion': [
49 silly audit report     {
49 silly audit report       id: 1130591,
49 silly audit report       url: 'https://github.com/advisories/GHSA-mh99-v99m-4gvg',
49 silly audit report       title: 'brace-expansion: DoS via unbounded expansion length causing an out-of-memory process crash',
49 silly audit report       severity: 'high',
49 silly audit report       vulnerable_versions: '>=4.0.0 <5.0.8',
49 silly audit report       cwe: [Array],
49 silly audit report       cvss: [Object]
49 silly audit report     }
49 silly audit report   ],
49 silly audit report   postcss: [
49 silly audit report     {
49 silly audit report       id: 1124288,
49 silly audit report       url: 'https://github.com/advisories/GHSA-r28c-9q8g-f849',
49 silly audit report       title: 'PostCSS: Path Traversal in Previous Source Map Auto-Loading (sourceMappingURL) leads to Arbitrary .map File Disclosure',
49 silly audit report       severity: 'high',
49 silly audit report       vulnerable_versions: '<=8.5.17',
49 silly audit report       cwe: [Array],
49 silly audit report       cvss: [Object]
49 silly audit report     }
49 silly audit report   ],
49 silly audit report   uuid: [
49 silly audit report     {
49 silly audit report       id: 1119441,
49 silly audit report       url: 'https://github.com/advisories/GHSA-w5hq-g745-h8pq',
49 silly audit report       title: 'uuid: Missing buffer bounds check in v3/v5/v6 when buf is provided',
49 silly audit report       severity: 'moderate',
49 silly audit report       vulnerable_versions: '<11.1.1',
49 silly audit report       cwe: [Array],
49 silly audit report       cvss: [Object]
49 silly audit report     }
49 silly audit report   ]
49 silly audit report }
50 silly packumentCache corgi:https://registry.npmjs.org/brace-expansion cache-miss
51 silly packumentCache corgi:https://registry.npmjs.org/postcss cache-miss
52 silly packumentCache corgi:https://registry.npmjs.org/uuid cache-miss
53 http fetch GET 200 https://registry.npmjs.org/brace-expansion 47ms (cache miss)
54 silly packumentCache corgi:https://registry.npmjs.org/brace-expansion set size:undefined disposed:false
55 http fetch GET 200 https://registry.npmjs.org/postcss 67ms (cache miss)
56 silly packumentCache corgi:https://registry.npmjs.org/postcss set size:undefined disposed:false
57 http fetch GET 200 https://registry.npmjs.org/uuid 169ms (cache miss)
58 silly packumentCache corgi:https://registry.npmjs.org/uuid set size:undefined disposed:false
59 silly packumentCache corgi:https://registry.npmjs.org/minimatch cache-miss
60 http fetch GET 200 https://registry.npmjs.org/minimatch 75ms (cache miss)
61 silly packumentCache corgi:https://registry.npmjs.org/minimatch set size:undefined disposed:false
62 silly packumentCache corgi:https://registry.npmjs.org/@expo%2fmetro-config cache-miss
63 http fetch GET 200 https://registry.npmjs.org/@expo%2fmetro-config 209ms (cache miss)
64 silly packumentCache corgi:https://registry.npmjs.org/@expo%2fmetro-config set size:undefined disposed:false
65 silly packumentCache corgi:https://registry.npmjs.org/xcode cache-miss
66 http fetch GET 200 https://registry.npmjs.org/xcode 331ms (cache miss)
67 silly packumentCache corgi:https://registry.npmjs.org/xcode set size:undefined disposed:false
68 silly packumentCache corgi:https://registry.npmjs.org/@expo%2fconfig-plugins cache-miss
69 http fetch GET 200 https://registry.npmjs.org/@react-native-async-storage/async-storage/-/async-storage-3.1.1.tgz 1098ms (cache miss)
70 http fetch GET 200 https://registry.npmjs.org/@expo%2fconfig-plugins 373ms (cache miss)
71 silly packumentCache corgi:https://registry.npmjs.org/@expo%2fconfig-plugins set size:undefined disposed:false
72 silly packumentCache corgi:https://registry.npmjs.org/@expo%2fconfig cache-miss
73 silly packumentCache corgi:https://registry.npmjs.org/@expo%2finline-modules cache-miss
74 silly packumentCache corgi:https://registry.npmjs.org/@expo%2fprebuild-config cache-miss
75 silly packumentCache corgi:https://registry.npmjs.org/expo cache-miss
76 silly packumentCache corgi:https://registry.npmjs.org/expo-splash-screen cache-miss
77 silly packumentCache corgi:https://registry.npmjs.org/@expo%2fcli cache-miss
78 http fetch GET 200 https://registry.npmjs.org/expo-splash-screen 181ms (cache miss)
79 silly packumentCache corgi:https://registry.npmjs.org/expo-splash-screen set size:undefined disposed:false
80 http fetch GET 200 https://registry.npmjs.org/@expo%2fprebuild-config 225ms (cache miss)
81 silly packumentCache corgi:https://registry.npmjs.org/@expo%2fprebuild-config set size:undefined disposed:false
82 http fetch GET 200 https://registry.npmjs.org/@expo%2fconfig 262ms (cache miss)
83 silly packumentCache corgi:https://registry.npmjs.org/@expo%2fconfig set size:undefined disposed:false
84 http fetch GET 200 https://registry.npmjs.org/@expo%2finline-modules 276ms (cache miss)
85 silly packumentCache corgi:https://registry.npmjs.org/@expo%2finline-modules set size:undefined disposed:false
86 http fetch GET 200 https://registry.npmjs.org/expo 288ms (cache miss)
87 silly packumentCache corgi:https://registry.npmjs.org/expo set size:undefined disposed:false
88 http fetch GET 200 https://registry.npmjs.org/@expo%2fcli 510ms (cache miss)
89 silly packumentCache corgi:https://registry.npmjs.org/@expo%2fcli set size:undefined disposed:false
90 silly packumentCache corgi:https://registry.npmjs.org/@expo%2flocal-build-cache-provider cache-miss
91 http fetch GET 200 https://registry.npmjs.org/@expo%2flocal-build-cache-provider 441ms (cache miss)
92 silly packumentCache corgi:https://registry.npmjs.org/@expo%2flocal-build-cache-provider set size:undefined disposed:false
93 silly packumentCache corgi:https://registry.npmjs.org/@expo%2fdom-webview cache-miss
94 silly packumentCache corgi:https://registry.npmjs.org/@expo%2flog-box cache-miss
95 silly packumentCache corgi:https://registry.npmjs.org/@expo%2fmetro-runtime cache-miss
96 silly packumentCache corgi:https://registry.npmjs.org/@expo%2fui cache-miss
97 silly packumentCache corgi:https://registry.npmjs.org/babel-preset-expo cache-miss
98 silly packumentCache corgi:https://registry.npmjs.org/expo-asset cache-miss
99 silly packumentCache corgi:https://registry.npmjs.org/expo-blur cache-miss
100 silly packumentCache corgi:https://registry.npmjs.org/expo-constants cache-miss
101 silly packumentCache corgi:https://registry.npmjs.org/expo-device cache-miss
102 silly packumentCache corgi:https://registry.npmjs.org/expo-document-picker cache-miss
103 silly packumentCache corgi:https://registry.npmjs.org/expo-file-system cache-miss
104 silly packumentCache corgi:https://registry.npmjs.org/expo-font cache-miss
105 silly packumentCache corgi:https://registry.npmjs.org/expo-glass-effect cache-miss
106 silly packumentCache corgi:https://registry.npmjs.org/expo-image cache-miss
107 silly packumentCache corgi:https://registry.npmjs.org/expo-keep-awake cache-miss
108 silly packumentCache corgi:https://registry.npmjs.org/expo-linear-gradient cache-miss
109 silly packumentCache corgi:https://registry.npmjs.org/expo-mail-composer cache-miss
110 silly packumentCache corgi:https://registry.npmjs.org/expo-router cache-miss
111 silly packumentCache corgi:https://registry.npmjs.org/expo-secure-store cache-miss
112 silly packumentCache corgi:https://registry.npmjs.org/expo-status-bar cache-miss
113 silly packumentCache corgi:https://registry.npmjs.org/expo-symbols cache-miss
114 silly packumentCache corgi:https://registry.npmjs.org/expo-system-ui cache-miss
115 silly packumentCache corgi:https://registry.npmjs.org/expo-web-browser cache-miss
116 silly packumentCache corgi:https://registry.npmjs.org/@expo%2frouter-server cache-miss
117 http fetch GET 200 https://registry.npmjs.org/expo-glass-effect 262ms (cache miss)
118 silly packumentCache corgi:https://registry.npmjs.org/expo-glass-effect set size:undefined disposed:false
119 http fetch GET 200 https://registry.npmjs.org/expo-device 279ms (cache miss)
120 silly packumentCache corgi:https://registry.npmjs.org/expo-device set size:undefined disposed:false
121 http fetch GET 200 https://registry.npmjs.org/expo-blur 296ms (cache miss)
122 silly packumentCache corgi:https://registry.npmjs.org/expo-blur set size:undefined disposed:false
123 http fetch GET 200 https://registry.npmjs.org/expo-font 308ms (cache miss)
124 silly packumentCache corgi:https://registry.npmjs.org/expo-font set size:undefined disposed:false
125 http fetch GET 200 https://registry.npmjs.org/expo-image 329ms (cache miss)
126 silly packumentCache corgi:https://registry.npmjs.org/expo-image set size:undefined disposed:false
127 http fetch GET 200 https://registry.npmjs.org/expo-linear-gradient 348ms (cache miss)
128 silly packumentCache corgi:https://registry.npmjs.org/expo-linear-gradient set size:undefined disposed:false
129 http fetch GET 200 https://registry.npmjs.org/@expo%2fdom-webview 355ms (cache miss)
130 silly packumentCache corgi:https://registry.npmjs.org/@expo%2fdom-webview set size:undefined disposed:false
131 http fetch GET 200 https://registry.npmjs.org/@expo%2fui 360ms (cache miss)
132 silly packumentCache corgi:https://registry.npmjs.org/@expo%2fui set size:undefined disposed:false
133 http fetch GET 200 https://registry.npmjs.org/expo-asset 365ms (cache miss)
134 silly packumentCache corgi:https://registry.npmjs.org/expo-asset set size:undefined disposed:false
135 http fetch GET 200 https://registry.npmjs.org/babel-preset-expo 382ms (cache miss)
136 silly packumentCache corgi:https://registry.npmjs.org/babel-preset-expo set size:undefined disposed:false
137 http fetch GET 200 https://registry.npmjs.org/expo-symbols 390ms (cache miss)
138 silly packumentCache corgi:https://registry.npmjs.org/expo-symbols set size:undefined disposed:false
139 http fetch GET 200 https://registry.npmjs.org/expo-secure-store 394ms (cache miss)
140 silly packumentCache corgi:https://registry.npmjs.org/expo-secure-store set size:undefined disposed:false
141 http fetch GET 200 https://registry.npmjs.org/expo-system-ui 404ms (cache miss)
142 silly packumentCache corgi:https://registry.npmjs.org/expo-system-ui set size:undefined disposed:false
143 http fetch GET 200 https://registry.npmjs.org/expo-status-bar 412ms (cache miss)
144 silly packumentCache corgi:https://registry.npmjs.org/expo-status-bar set size:undefined disposed:false
145 http fetch GET 200 https://registry.npmjs.org/expo-web-browser 422ms (cache miss)
146 silly packumentCache corgi:https://registry.npmjs.org/expo-web-browser set size:undefined disposed:false
147 http fetch GET 200 https://registry.npmjs.org/expo-router 437ms (cache miss)
148 silly packumentCache corgi:https://registry.npmjs.org/expo-router set size:undefined disposed:false
149 http fetch GET 200 https://registry.npmjs.org/expo-keep-awake 467ms (cache miss)
150 silly packumentCache corgi:https://registry.npmjs.org/expo-keep-awake set size:undefined disposed:false
151 http fetch GET 200 https://registry.npmjs.org/expo-constants 475ms (cache miss)
152 silly packumentCache corgi:https://registry.npmjs.org/expo-constants set size:undefined disposed:false
153 http fetch GET 200 https://registry.npmjs.org/expo-mail-composer 488ms (cache miss)
154 silly packumentCache corgi:https://registry.npmjs.org/expo-mail-composer set size:undefined disposed:false
155 http fetch GET 200 https://registry.npmjs.org/expo-document-picker 495ms (cache miss)
156 silly packumentCache corgi:https://registry.npmjs.org/expo-document-picker set size:undefined disposed:false
157 http fetch GET 200 https://registry.npmjs.org/expo-file-system 500ms (cache miss)
158 silly packumentCache corgi:https://registry.npmjs.org/expo-file-system set size:undefined disposed:false
159 http fetch GET 200 https://registry.npmjs.org/@expo%2flog-box 516ms (cache miss)
160 silly packumentCache corgi:https://registry.npmjs.org/@expo%2flog-box set size:undefined disposed:false
161 http fetch GET 200 https://registry.npmjs.org/@expo%2fmetro-runtime 518ms (cache miss)
162 silly packumentCache corgi:https://registry.npmjs.org/@expo%2fmetro-runtime set size:undefined disposed:false
163 http fetch GET 200 https://registry.npmjs.org/@expo%2frouter-server 718ms (cache miss)
164 silly packumentCache corgi:https://registry.npmjs.org/@expo%2frouter-server set size:undefined disposed:false
165 silly ADD node_modules/@react-native-async-storage/async-storage
166 silly ADD node_modules/@react-native-async-storage/async-storage/node_modules/idb
167 warn allow-scripts 3 packages have install scripts not yet covered by allowScripts:
167 warn allow-scripts   @firebase/util@1.15.1 (postinstall: node ./postinstall.js)
167 warn allow-scripts   @google/genai@2.11.0 (preinstall: echo 'preinstall: no-op')
167 warn allow-scripts   protobufjs@7.6.5 (postinstall: node scripts/postinstall)
167 warn allow-scripts
167 warn allow-scripts Run `npm approve-scripts --allow-scripts-pending` to review, or `npm approve-scripts <pkg>` to allow.
168 verbose cwd /Users/prasadnitinpansare/Desktop/app/apps/mobile
169 verbose os Darwin 25.5.0
170 verbose node v26.4.0
171 verbose npm  v11.17.0
172 notice
172 notice New [31mmajor[39m version of npm available! [31m11.17.0[39m -> [34m12.0.2[39m
172 notice Changelog: [34mhttps://github.com/npm/cli/releases/tag/v12.0.2[39m
172 notice To update run: [4mnpm install -g npm@12.0.2[24m
172 notice  { force: true, Symbol(proc-log.meta): true }
173 verbose exit 0
174 info ok
